// Jest Snapshot v1, https://goo.gl/fbAQLP

exports[`NewCardForm that it matches an existing snapshot 1`] = `
<p>
  Test
</p>
`;
